
Allocating common symbols
Common symbol       size              file

cksum               0x4               tassimo.o

Memory Configuration

Name             Origin             Length             Attributes
RAM              0x0000000040000800 0x0000000000000800 xrw
*default*        0x0000000000000000 0xffffffffffffffff

Linker script and memory map

                0x0000000040000800                . = 0x40000800

.text           0x0000000040000800      0x3ec
 *(.text.startcode)
 .text.startcode
                0x0000000040000800       0x70 plltest.o
                0x0000000040000800                main
 *(.text)
 .text          0x0000000040000870       0x9c plltest.o
                0x0000000040000870                setupPLL
 .text          0x000000004000090c      0x2e0 tassimo.o
                0x000000004000090c                puthex
                0x00000000400009d8                putchar
                0x0000000040000a28                htoi

.glue_7         0x0000000040000bec        0x0
 .glue_7        0x0000000040000bec        0x0 linker stubs

.glue_7t        0x0000000040000bec        0x0
 .glue_7t       0x0000000040000bec        0x0 linker stubs

.vfp11_veneer   0x0000000040000bec        0x0
 .vfp11_veneer  0x0000000040000bec        0x0 linker stubs

.v4_bx          0x0000000040000bec        0x0
 .v4_bx         0x0000000040000bec        0x0 linker stubs

.iplt           0x0000000040000bec        0x0
 .iplt          0x0000000040000bec        0x0 plltest.o

.rel.dyn        0x0000000040000bec        0x0
 .rel.iplt      0x0000000040000bec        0x0 plltest.o

.data           0x0000000040000bec        0x0
 *(.data)
 .data          0x0000000040000bec        0x0 plltest.o
 .data          0x0000000040000bec        0x0 tassimo.o
LOAD plltest.o
LOAD tassimo.o
OUTPUT(plltest.elf elf32-littlearm)

.igot.plt       0x0000000040000bec        0x0
 .igot.plt      0x0000000040000bec        0x0 plltest.o

.bss            0x0000000040000bec        0x4
 .bss           0x0000000040000bec        0x0 plltest.o
 .bss           0x0000000040000bec        0x0 tassimo.o
 COMMON         0x0000000040000bec        0x4 tassimo.o
                0x0000000040000bec                cksum

.comment        0x0000000000000000       0x1d
 .comment       0x0000000000000000       0x1d plltest.o
                                         0x1e (size before relaxing)
 .comment       0x000000000000001d       0x1e tassimo.o

.ARM.attributes
                0x0000000000000000       0x30
 .ARM.attributes
                0x0000000000000000       0x30 plltest.o
 .ARM.attributes
                0x0000000000000030       0x30 tassimo.o
